// Jest Snapshot v1, https://goo.gl/fbAQLP

exports[`Headline should render headline and tagline 1`] = `
<div>
  <div
    class="headline"
  >
    <h1>
      Clyde D'Souza
    </h1>
    <div>
      <p>
        Software Engineer and Author
      </p>
      <p>
        <small>
          Auckland, New Zealand
        </small>
      </p>
    </div>
  </div>
</div>
`;
