// Jest Snapshot v1, https://goo.gl/fbAQLP

exports[`Portfolio should render portfolio seo 1`] = `
<head>
  <title>
    Portfolio – Clyde D'Souza – Software Engineer and Author
  </title>
  <link
    data-rh="true"
    href="https://clydedsouza.net/portfolio"
    rel="canonical"
  />
  <meta
    content="Have a look at some of the most interesting projects created by Clyde D'Souza, a software engineer and author based in Auckland, New Zealand."
    data-rh="true"
    name="description"
  />
  <meta
    content="https://clydedsouza.net/portfolio"
    data-rh="true"
    property="og:url"
  />
  <meta
    content="Portfolio – Clyde D'Souza – Software Engineer and Author"
    data-rh="true"
    property="og:title"
  />
  <meta
    content="Have a look at some of the most interesting projects created by Clyde D'Souza, a software engineer and author based in Auckland, New Zealand."
    data-rh="true"
    property="og:description"
  />
  <meta
    content="https://files.clydedsouza.net/site/ogimage-portfolio.png"
    data-rh="true"
    property="og:image"
  />
  <meta
    content="Have a look at some of the most interesting projects created by Clyde D'Souza, a software engineer and author based in Auckland, New Zealand."
    data-rh="true"
    property="twitter:card"
  />
  <meta
    content="Portfolio – Clyde D'Souza – Software Engineer and Author"
    data-rh="true"
    property="twitter:title"
  />
  <meta
    content="Have a look at some of the most interesting projects created by Clyde D'Souza, a software engineer and author based in Auckland, New Zealand."
    data-rh="true"
    property="twitter:description"
  />
  <meta
    content="https://files.clydedsouza.net/site/ogimage-portfolio.png"
    data-rh="true"
    property="twitter:image"
  />
</head>
`;
