// Jest Snapshot v1, https://goo.gl/fbAQLP

exports[`Footer should render footer 1`] = `
<div>
  <footer>
    <div
      class="google-ads"
    >
      <div
        class="google-ads-container-dev"
      />
      <div
        class="text-faint"
      >
        Google ad
      </div>
    </div>
    <p>
      Website crafted by Clyde D'Souza
    </p>
  </footer>
</div>
`;
