// Jest Snapshot v1, https://goo.gl/fbAQLP

exports[`Navigation should render navigation 1`] = `
<body>
  <div>
    <nav>
      <a
        class="active"
        href="/"
      >
        About
      </a>
      <a
        class=""
        href="portfolio"
      >
        Portfolio
      </a>
      <a
        class=""
        href="platforms"
      >
        Platforms
      </a>
    </nav>
  </div>
</body>
`;
