// Jest Snapshot v1, https://goo.gl/fbAQLP

exports[`Navigation should render navigation 1`] = `
<div>
  <nav>
    <a
      class="active"
      href="/"
    >
      About
    </a>
    <a
      class=""
      href="portfolio"
    >
      Portfolio
    </a>
    <a
      class=""
      href="platforms"
    >
      Platforms
    </a>
    <a
      href="https://blog.clydedsouza.net"
      target="_blank"
    >
      Blog
    </a>
  </nav>
</div>
`;
